
Running 16 tests using 4 workers

node.exe : [WebServer] 04:19:18 [vite] http proxy error: 
/api/broadcasts/active
At line:1 char:1
+ & "C:\Program Files\nodejs/node.exe" "C:\Program Files\nodejs/node_mo ...
+ ~~~~~~~~~~~~~~~~~~~~~~~~~~~~~~~~~~~~~~~~~~~~~~~~~~~~~~~~~~~~~~~~~~~~~
    + CategoryInfo          : NotSpecified: ([WebServer] 04:...oadcasts/activ 
   e:String) [], RemoteException
    + FullyQualifiedErrorId : NativeCommandError
 
[WebServer] AggregateError [ECONNREFUSED]: 
[WebServer]     at internalConnectMultiple (node:net:1193:18)
[WebServer]     at afterConnectMultiple (node:net:1783:7)
[WebServer] 04:19:18 [vite] http proxy error: /api/sermons?limit=4
[WebServer] AggregateError [ECONNREFUSED]: 
[WebServer]     at internalConnectMultiple (node:net:1193:18)
[WebServer]     at afterConnectMultiple (node:net:1783:7)
[WebServer] 04:19:18 [vite] http proxy error: /api/music
[WebServer] AggregateError [ECONNREFUSED]: 
[WebServer]     at internalConnectMultiple (node:net:1193:18)
[WebServer]     at afterConnectMultiple (node:net:1783:7)
[WebServer] 04:19:18 [vite] http proxy error: /api/guest-speakers
[WebServer] AggregateError [ECONNREFUSED]: 
[WebServer]     at internalConnectMultiple (node:net:1193:18)
[WebServer]     at afterConnectMultiple (node:net:1783:7)
[WebServer] 04:19:18 [vite] http proxy error: /api/events
[WebServer] AggregateError [ECONNREFUSED]: 
[WebServer]     at internalConnectMultiple (node:net:1193:18)
[WebServer]     at afterConnectMultiple (node:net:1783:7)
  Γ£ô   2 [chromium] ΓÇ║ e2e\auth.spec.ts:4:7 ΓÇ║ Authentication ΓÇ║ can navigate to login page (9.3s)
[WebServer] 04:19:19 [vite] http proxy error: /api/broadcasts/active
[WebServer] AggregateError [ECONNREFUSED]: 
[WebServer]     at internalConnectMultiple (node:net:1193:18)
[WebServer]     at afterConnectMultiple (node:net:1783:7)
[WebServer] 04:19:19 [vite] http proxy error: /api/music
[WebServer] AggregateError [ECONNREFUSED]: 
[WebServer]     at internalConnectMultiple (node:net:1193:18)
[WebServer]     at afterConnectMultiple (node:net:1783:7)
[WebServer] 04:19:19 [vite] http proxy error: /api/sermons?limit=4
[WebServer] AggregateError [ECONNREFUSED]: 
[WebServer]     at internalConnectMultiple (node:net:1193:18)
[WebServer]     at afterConnectMultiple (node:net:1783:7)
[WebServer] 04:19:19 [vite] http proxy error: /api/guest-speakers
[WebServer] AggregateError [ECONNREFUSED]: 
[WebServer]     at internalConnectMultiple (node:net:1193:18)
[WebServer]     at afterConnectMultiple (node:net:1783:7)
[WebServer] 04:19:19 [vite] http proxy error: /api/events
[WebServer] AggregateError [ECONNREFUSED]: 
[WebServer]     at internalConnectMultiple (node:net:1193:18)
[WebServer]     at afterConnectMultiple (node:net:1783:7)
[WebServer] 04:19:20 [vite] http proxy error: /api/sermons
[WebServer] AggregateError [ECONNREFUSED]: 
[WebServer]     at internalConnectMultiple (node:net:1193:18)
[WebServer]     at afterConnectMultiple (node:net:1783:7)
[WebServer] 04:19:20 [vite] http proxy error: /api/sermons
[WebServer] AggregateError [ECONNREFUSED]: 
[WebServer]     at internalConnectMultiple (node:net:1193:18)
[WebServer]     at afterConnectMultiple (node:net:1783:7)
[WebServer] 04:19:21 [vite] http proxy error: /api/music
[WebServer] AggregateError [ECONNREFUSED]: 
[WebServer]     at internalConnectMultiple (node:net:1193:18)
[WebServer]     at afterConnectMultiple (node:net:1783:7)
[WebServer] 04:19:21 [vite] http proxy error: /api/sermons?limit=4
[WebServer] AggregateError [ECONNREFUSED]: 
[WebServer]     at internalConnectMultiple (node:net:1193:18)
[WebServer]     at afterConnectMultiple (node:net:1783:7)
[WebServer] 04:19:21 [vite] http proxy error: /api/guest-speakers
[WebServer] AggregateError [ECONNREFUSED]: 
[WebServer]     at internalConnectMultiple (node:net:1193:18)
[WebServer]     at afterConnectMultiple (node:net:1783:7)
[WebServer] 04:19:21 [vite] http proxy error: /api/events
[WebServer] AggregateError [ECONNREFUSED]: 
[WebServer]     at internalConnectMultiple (node:net:1193:18)
[WebServer]     at afterConnectMultiple (node:net:1783:7)
  Γ£ÿ   5 [chromium] ΓÇ║ e2e\auth.spec.ts:28:7 ΓÇ║ Navigation ΓÇ║ archive page loads (3.0s)
  Γ£ÿ   3 [chromium] ΓÇ║ e2e\auth.spec.ts:9:7 ΓÇ║ Authentication ΓÇ║ shows validation error for empty fields (15.3s)
  Γ£ÿ   4 [chromium] ΓÇ║ e2e\auth.spec.ts:23:7 ΓÇ║ Navigation ΓÇ║ home page loads (15.0s)
  Γ£ÿ   6 [chromium] ΓÇ║ e2e\music.spec.ts:4:7 ΓÇ║ Add Music Flow ΓÇ║ admin can add a track via external URL (9.1s)
  Γ£ÿ   7 [chromium] ΓÇ║ e2e\music.spec.ts:146:7 ΓÇ║ Add Music Flow ΓÇ║ user can discover and play music from home and library (6.9s)
  Γ£ÿ   1 [chromium] ΓÇ║ e2e\auth.spec.ts:15:7 ΓÇ║ Authentication ΓÇ║ can toggle to registration (30.1s)
[WebServer] 04:19:41 [vite] http proxy error: /api/broadcasts/active
[WebServer] AggregateError [ECONNREFUSED]: 
[WebServer]     at internalConnectMultiple (node:net:1193:18)
[WebServer]     at afterConnectMultiple (node:net:1783:7)
[WebServer] 04:19:41 [vite] http proxy error: /api/sermons?limit=4
[WebServer] AggregateError [ECONNREFUSED]: 
[WebServer]     at internalConnectMultiple (node:net:1193:18)
[WebServer]     at afterConnectMultiple (node:net:1783:7)
[WebServer] 04:19:41 [vite] http proxy error: /api/music
[WebServer] AggregateError [ECONNREFUSED]: 
[WebServer]     at internalConnectMultiple (node:net:1193:18)
[WebServer]     at afterConnectMultiple (node:net:1783:7)
[WebServer] 04:19:41 [vite] http proxy error: /api/guest-speakers
[WebServer] AggregateError [ECONNREFUSED]: 
[WebServer]     at internalConnectMultiple (node:net:1193:18)
[WebServer]     at afterConnectMultiple (node:net:1783:7)
[WebServer] 04:19:41 [vite] http proxy error: /api/events
[WebServer] AggregateError [ECONNREFUSED]: 
[WebServer]     at internalConnectMultiple (node:net:1193:18)
[WebServer]     at afterConnectMultiple (node:net:1783:7)
  Γ£ÿ   8 [chromium] ΓÇ║ e2e\music.spec.ts:202:7 ΓÇ║ Add Music Flow ΓÇ║ admin can upload a track with cover image (8.3s)
[WebServer] 04:19:41 [vite] http proxy error: /api/sermons
[WebServer] AggregateError [ECONNREFUSED]: 
[WebServer]     at internalConnectMultiple (node:net:1193:18)
[WebServer]     at afterConnectMultiple (node:net:1783:7)
[WebServer] 04:19:41 [vite] http proxy error: /api/sermons
[WebServer] AggregateError [ECONNREFUSED]: 
[WebServer]     at internalConnectMultiple (node:net:1193:18)
[WebServer]     at afterConnectMultiple (node:net:1783:7)
[WebServer] 04:19:42 [vite] http proxy error: /api/broadcasts/active
[WebServer] AggregateError [ECONNREFUSED]: 
[WebServer]     at internalConnectMultiple (node:net:1193:18)
[WebServer]     at afterConnectMultiple (node:net:1783:7)
[WebServer] 04:19:42 [vite] http proxy error: /api/music
[WebServer] AggregateError [ECONNREFUSED]: 
[WebServer]     at internalConnectMultiple (node:net:1193:18)
[WebServer]     at afterConnectMultiple (node:net:1783:7)
[WebServer] 04:19:42 [vite] http proxy error: /api/sermons?limit=4
[WebServer] AggregateError [ECONNREFUSED]: 
[WebServer]     at internalConnectMultiple (node:net:1193:18)
[WebServer]     at afterConnectMultiple (node:net:1783:7)
[WebServer] 04:19:42 [vite] http proxy error: /api/events
[WebServer] AggregateError [ECONNREFUSED]: 
[WebServer]     at internalConnectMultiple (node:net:1193:18)
[WebServer]     at afterConnectMultiple (node:net:1783:7)
[WebServer] 04:19:42 [vite] http proxy error: /api/guest-speakers
[WebServer] AggregateError [ECONNREFUSED]: 
[WebServer]     at internalConnectMultiple (node:net:1193:18)
[WebServer]     at afterConnectMultiple (node:net:1783:7)
[WebServer] 04:19:43 [vite] http proxy error: /api/events
[WebServer] AggregateError [ECONNREFUSED]: 
[WebServer]     at internalConnectMultiple (node:net:1193:18)
[WebServer]     at afterConnectMultiple (node:net:1783:7)
[WebServer] 04:19:43 [vite] http proxy error: /api/events
[WebServer] AggregateError [ECONNREFUSED]: 
[WebServer]     at internalConnectMultiple (node:net:1193:18)
[WebServer]     at afterConnectMultiple (node:net:1783:7)
[WebServer] 04:19:44 [vite] http proxy error: /api/music
[WebServer] AggregateError [ECONNREFUSED]: 
[WebServer]     at internalConnectMultiple (node:net:1193:18)
[WebServer]     at afterConnectMultiple (node:net:1783:7)
[WebServer] 04:19:44 [vite] http proxy error: /api/sermons?limit=4
[WebServer] AggregateError [ECONNREFUSED]: 
[WebServer]     at internalConnectMultiple (node:net:1193:18)
[WebServer]     at afterConnectMultiple (node:net:1783:7)
[WebServer] 04:19:44 [vite] http proxy error: /api/events
[WebServer] AggregateError [ECONNREFUSED]: 
[WebServer]     at internalConnectMultiple (node:net:1193:18)
[WebServer]     at afterConnectMultiple (node:net:1783:7)
[WebServer] 04:19:44 [vite] http proxy error: /api/guest-speakers
[WebServer] AggregateError [ECONNREFUSED]: 
[WebServer]     at internalConnectMultiple (node:net:1193:18)
[WebServer]     at afterConnectMultiple (node:net:1783:7)
  Γ£ô  10 [chromium] ΓÇ║ e2e\navigation.spec.ts:10:7 ΓÇ║ Navigation & Pages ΓÇ║ archive page loads sermons (3.6s)
  Γ£ÿ  11 [chromium] ΓÇ║ e2e\navigation.spec.ts:15:7 ΓÇ║ Navigation & Pages ΓÇ║ events page loads (2.1s)
[WebServer] 04:19:45 [vite] http proxy error: /api/music
[WebServer] AggregateError [ECONNREFUSED]: 
[WebServer]     at internalConnectMultiple (node:net:1193:18)
[WebServer]     at afterConnectMultiple (node:net:1783:7)
[WebServer] 04:19:45 [vite] http proxy error: /api/music
[WebServer] AggregateError [ECONNREFUSED]: 
[WebServer]     at internalConnectMultiple (node:net:1193:18)
[WebServer]     at afterConnectMultiple (node:net:1783:7)
[WebServer] 04:19:45 [vite] http proxy error: /api/prayer
[WebServer] AggregateError [ECONNREFUSED]: 
[WebServer]     at internalConnectMultiple (node:net:1193:18)
[WebServer]     at afterConnectMultiple (node:net:1783:7)
[WebServer] 04:19:45 [vite] http proxy error: /api/prayer
[WebServer] AggregateError [ECONNREFUSED]: 
[WebServer]     at internalConnectMultiple (node:net:1193:18)
[WebServer]     at afterConnectMultiple (node:net:1783:7)
  Γ£ô  12 [chromium] ΓÇ║ e2e\navigation.spec.ts:20:7 ΓÇ║ Navigation & Pages ΓÇ║ music page loads (2.2s)
[WebServer] 04:19:46 [vite] http proxy error: /api/status
[WebServer] AggregateError [ECONNREFUSED]: 
[WebServer]     at internalConnectMultiple (node:net:1193:18)
[WebServer]     at afterConnectMultiple (node:net:1783:7)
[WebServer] 04:19:46 [vite] http proxy error: /api/status
[WebServer] AggregateError [ECONNREFUSED]: 
[WebServer]     at internalConnectMultiple (node:net:1193:18)
[WebServer]     at afterConnectMultiple (node:net:1783:7)
  Γ£ô  13 [chromium] ΓÇ║ e2e\navigation.spec.ts:25:7 ΓÇ║ Navigation & Pages ΓÇ║ prayer wall page loads (3.5s)
[WebServer] 04:19:48 [vite] http proxy error: /api/broadcasts/active
[WebServer] AggregateError [ECONNREFUSED]: 
[WebServer]     at internalConnectMultiple (node:net:1193:18)
[WebServer]     at afterConnectMultiple (node:net:1783:7)
[WebServer] 04:19:48 [vite] http proxy error: /api/sermons?limit=4
[WebServer] AggregateError [ECONNREFUSED]: 
[WebServer]     at internalConnectMultiple (node:net:1193:18)
[WebServer]     at afterConnectMultiple (node:net:1783:7)
[WebServer] 04:19:48 [vite] http proxy error: /api/music
[WebServer] AggregateError [ECONNREFUSED]: 
[WebServer]     at internalConnectMultiple (node:net:1193:18)
[WebServer]     at afterConnectMultiple (node:net:1783:7)
[WebServer] 04:19:48 [vite] http proxy error: /api/guest-speakers
[WebServer] AggregateError [ECONNREFUSED]: 
[WebServer]     at internalConnectMultiple (node:net:1193:18)
[WebServer]     at afterConnectMultiple (node:net:1783:7)
[WebServer] 04:19:48 [vite] http proxy error: /api/events
[WebServer] AggregateError [ECONNREFUSED]: 
[WebServer]     at internalConnectMultiple (node:net:1193:18)
[WebServer]     at afterConnectMultiple (node:net:1783:7)
  Γ£ÿ   9 [chromium] ΓÇ║ e2e\navigation.spec.ts:4:7 ΓÇ║ Navigation & Pages ΓÇ║ home page loads with hero section (8.9s)
[WebServer] 04:19:49 [vite] http proxy error: /api/sermons?limit=4
[WebServer] AggregateError [ECONNREFUSED]: 
[WebServer]     at internalConnectMultiple (node:net:1193:18)
[WebServer]     at afterConnectMultiple (node:net:1783:7)
[WebServer] 04:19:49 [vite] http proxy error: /api/broadcasts/active
[WebServer] AggregateError [ECONNREFUSED]: 
[WebServer]     at internalConnectMultiple (node:net:1193:18)
[WebServer]     at afterConnectMultiple (node:net:1783:7)
[WebServer] 04:19:49 [vite] http proxy error: /api/music
[WebServer] AggregateError [ECONNREFUSED]: 
[WebServer]     at internalConnectMultiple (node:net:1193:18)
[WebServer]     at afterConnectMultiple (node:net:1783:7)
[WebServer] 04:19:49 [vite] http proxy error: /api/guest-speakers
[WebServer] AggregateError [ECONNREFUSED]: 
[WebServer]     at internalConnectMultiple (node:net:1193:18)
[WebServer]     at afterConnectMultiple (node:net:1783:7)
[WebServer] 04:19:49 [vite] http proxy error: /api/events
[WebServer] AggregateError [ECONNREFUSED]: 
[WebServer]     at internalConnectMultiple (node:net:1193:18)
[WebServer]     at afterConnectMultiple (node:net:1783:7)
  Γ£ô  14 [chromium] ΓÇ║ e2e\navigation.spec.ts:35:7 ΓÇ║ Navigation & Pages ΓÇ║ status page loads (3.4s)
  Γ£ô  15 [chromium] ΓÇ║ e2e\navigation.spec.ts:30:7 ΓÇ║ Navigation & Pages ΓÇ║ about page loads (3.7s)
[WebServer] 04:19:51 [vite] http proxy error: /api/search?q=love
[WebServer] AggregateError [ECONNREFUSED]: 
[WebServer]     at internalConnectMultiple (node:net:1193:18)
[WebServer]     at afterConnectMultiple (node:net:1783:7)
[WebServer] 04:19:51 [vite] http proxy error: /api/sermons?limit=4
[WebServer] AggregateError [ECONNREFUSED]: 
[WebServer]     at internalConnectMultiple (node:net:1193:18)
[WebServer]     at afterConnectMultiple (node:net:1783:7)
[WebServer] 04:19:51 [vite] http proxy error: /api/music
[WebServer] AggregateError [ECONNREFUSED]: 
[WebServer]     at internalConnectMultiple (node:net:1193:18)
[WebServer]     at afterConnectMultiple (node:net:1783:7)
[WebServer] 04:19:51 [vite] http proxy error: /api/guest-speakers
[WebServer] AggregateError [ECONNREFUSED]: 
[WebServer]     at internalConnectMultiple (node:net:1193:18)
[WebServer]     at afterConnectMultiple (node:net:1783:7)
[WebServer] 04:19:51 [vite] http proxy error: /api/events
[WebServer] AggregateError [ECONNREFUSED]: 
[WebServer]     at internalConnectMultiple (node:net:1193:18)
[WebServer]     at afterConnectMultiple (node:net:1783:7)
  Γ£ô  16 [chromium] ΓÇ║ e2e\navigation.spec.ts:40:7 ΓÇ║ Navigation & Pages ΓÇ║ search overlay opens and shows results (4.0s)


  1) [chromium] ΓÇ║ e2e\auth.spec.ts:9:7 ΓÇ║ Authentication ΓÇ║ shows validation error for empty fields ΓöÇΓöÇ

    Error: expect(locator).toBeVisible() failed

    Locator: getByText(/invalid input|required/i)
    Expected: visible
    Timeout: 5000ms
    Error: element(s) not found

    Call log:
      - Expect "toBeVisible" with timeout 5000ms
      - waiting for getByText(/invalid input|required/i)


      10 |     await page.goto('/login')
      11 |     await page.getByRole('button', { name: /sign in/i }).click()
    > 12 |     await expect(page.getByText(/invalid input|required/i)).toBeVisible()
         |                                                             ^
      13 |   })
      14 |
      15 |   test('can toggle to registration', async ({ page }) => {
        at C:\zionite\e2e\auth.spec.ts:12:61

    Error Context: test-results\auth-Authentication-shows-validation-error-for-empty-fields-chromium\error-context.md

  2) [chromium] ΓÇ║ e2e\auth.spec.ts:15:7 ΓÇ║ Authentication ΓÇ║ can toggle to registration ΓöÇΓöÇΓöÇΓöÇΓöÇΓöÇΓöÇΓöÇΓöÇΓöÇΓöÇΓöÇΓöÇΓöÇ

    Test timeout of 30000ms exceeded.

    Error: locator.click: Test timeout of 30000ms exceeded.
    Call log:
      - waiting for getByText(/create account/i)


      15 |   test('can toggle to registration', async ({ page }) => {
      16 |     await page.goto('/login')
    > 17 |     await page.getByText(/create account/i).click()
         |                                             ^
      18 |     await expect(page.getByRole('heading', { name: /create account/i })).toBeVisible()
      19 |   })
      20 | })
        at C:\zionite\e2e\auth.spec.ts:17:45

    Error Context: test-results\auth-Authentication-can-toggle-to-registration-chromium\error-context.md

  3) [chromium] ΓÇ║ e2e\auth.spec.ts:23:7 ΓÇ║ Navigation ΓÇ║ home page loads ΓöÇΓöÇΓöÇΓöÇΓöÇΓöÇΓöÇΓöÇΓöÇΓöÇΓöÇΓöÇΓöÇΓöÇΓöÇΓöÇΓöÇΓöÇΓöÇΓöÇΓöÇΓöÇΓöÇΓöÇΓöÇΓöÇΓöÇΓöÇΓöÇ

    Error: expect(locator).toBeVisible() failed

    Locator: getByText(/zionite fm/i)
    Expected: visible
    Timeout: 5000ms
    Error: element(s) not found

    Call log:
      - Expect "toBeVisible" with timeout 5000ms
      - waiting for getByText(/zionite fm/i)


      23 |   test('home page loads', async ({ page }) => {
      24 |     await page.goto('/')
    > 25 |     await expect(page.getByText(/zionite fm/i)).toBeVisible()
         |                                                 ^
      26 |   })
      27 |
      28 |   test('archive page loads', async ({ page }) => {
        at C:\zionite\e2e\auth.spec.ts:25:49

    Error Context: test-results\auth-Navigation-home-page-loads-chromium\error-context.md

  4) [chromium] ΓÇ║ e2e\auth.spec.ts:28:7 ΓÇ║ Navigation ΓÇ║ archive page loads ΓöÇΓöÇΓöÇΓöÇΓöÇΓöÇΓöÇΓöÇΓöÇΓöÇΓöÇΓöÇΓöÇΓöÇΓöÇΓöÇΓöÇΓöÇΓöÇΓöÇΓöÇΓöÇΓöÇΓöÇΓöÇΓöÇ

    Error: expect(locator).toBeVisible() failed

    Locator: getByRole('heading', { name: /sermons|archive/i })
    Expected: visible
    Error: strict mode violation: getByRole('heading', { name: /sermons|archive/i }) resolved to 2 elements:
        1) <h1 class="text-3xl font-bold">Sermon Archive</h1> aka getByRole('heading', { name: 'Sermon Archive' })
        2) <h3 class="text-lg font-semibold mb-2">No sermons yet</h3> aka getByRole('heading', { name: 'No sermons yet' })

    Call log:
      - Expect "toBeVisible" with timeout 5000ms
      - waiting for getByRole('heading', { name: /sermons|archive/i })


      28 |   test('archive page loads', async ({ page }) => {
      29 |     await page.goto('/archive')
    > 30 |     await expect(page.getByRole('heading', { name: /sermons|archive/i })).toBeVisible()
         |                                                                           ^
      31 |   })
      32 | })
      33 |
        at C:\zionite\e2e\auth.spec.ts:30:75

    Error Context: test-results\auth-Navigation-archive-page-loads-chromium\error-context.md

  5) [chromium] ΓÇ║ e2e\music.spec.ts:4:7 ΓÇ║ Add Music Flow ΓÇ║ admin can add a track via external URL ΓöÇΓöÇ

    Error: expect(locator).toBeVisible() failed

    Locator: getByText(/welcome back/i)
    Expected: visible
    Timeout: 5000ms
    Error: element(s) not found

    Call log:
      - Expect "toBeVisible" with timeout 5000ms
      - waiting for getByText(/welcome back/i)


      115 |
      116 |     await page.goto('/admin')
    > 117 |     await expect(page.getByText(/welcome back/i)).toBeVisible()
          |                                                   ^
      118 |
      119 |     await page.getByRole('button', { name: /auto dj/i }).click()
      120 |     await expect(page.getByRole('heading', { name: /add music/i })).toBeVisible()
        at C:\zionite\e2e\music.spec.ts:117:51

    Error Context: test-results\music-Add-Music-Flow-admin-can-add-a-track-via-external-URL-chromium\error-context.md

  6) [chromium] ΓÇ║ e2e\music.spec.ts:146:7 ΓÇ║ Add Music Flow ΓÇ║ user can discover and play music from home and library 

    Error: expect(locator).toBeVisible() failed

    Locator: getByText(/featured music/i)
    Expected: visible
    Timeout: 5000ms
    Error: element(s) not found

    Call log:
      - Expect "toBeVisible" with timeout 5000ms
      - waiting for getByText(/featured music/i)


      183 |     // Home page shows featured music
      184 |     await page.goto('/')
    > 185 |     await expect(page.getByText(/featured music/i)).toBeVisible()
          |                                                     ^
      186 |     await expect(page.getByText('Amazing Grace')).toBeVisible()
      187 |     await expect(page.getByText('Worship Team')).toBeVisible()
      188 |
        at C:\zionite\e2e\music.spec.ts:185:53

    Error Context: test-results\music-Add-Music-Flow-user--47511-music-from-home-and-library-chromium\error-context.md

  7) [chromium] ΓÇ║ e2e\music.spec.ts:202:7 ΓÇ║ Add Music Flow ΓÇ║ admin can upload a track with cover image 

    Error: expect(locator).toBeVisible() failed

    Locator: getByText(/welcome back/i)
    Expected: visible
    Timeout: 5000ms
    Error: element(s) not found

    Call log:
      - Expect "toBeVisible" with timeout 5000ms
      - waiting for getByText(/welcome back/i)


      313 |
      314 |     await page.goto('/admin')
    > 315 |     await expect(page.getByText(/welcome back/i)).toBeVisible()
          |                                                   ^
      316 |
      317 |     await page.getByRole('button', { name: /auto dj/i }).click()
      318 |     await expect(page.getByRole('heading', { name: /add music/i })).toBeVisible()
        at C:\zionite\e2e\music.spec.ts:315:51

    Error Context: test-results\music-Add-Music-Flow-admin-a3178-ad-a-track-with-cover-image-chromium\error-context.md

  8) [chromium] ΓÇ║ e2e\navigation.spec.ts:4:7 ΓÇ║ Navigation & Pages ΓÇ║ home page loads with hero section 

    Error: expect(locator).toBeVisible() failed

    Locator: getByText(/zionite fm/i)
    Expected: visible
    Timeout: 5000ms
    Error: element(s) not found

    Call log:
      - Expect "toBeVisible" with timeout 5000ms
      - waiting for getByText(/zionite fm/i)


      4 |   test('home page loads with hero section', async ({ page }) => {
      5 |     await page.goto('/')
    > 6 |     await expect(page.getByText(/zionite fm/i)).toBeVisible()
        |                                                 ^
      7 |     await expect(page.getByText(/the voice of redemption/i)).toBeVisible()
      8 |   })
      9 |
        at C:\zionite\e2e\navigation.spec.ts:6:49

    Error Context: test-results\navigation-Navigation-Page-16fff-age-loads-with-hero-section-chromium\error-context.md

  9) [chromium] ΓÇ║ e2e\navigation.spec.ts:15:7 ΓÇ║ Navigation & Pages ΓÇ║ events page loads ΓöÇΓöÇΓöÇΓöÇΓöÇΓöÇΓöÇΓöÇΓöÇΓöÇΓöÇΓöÇΓöÇ

    Error: expect(locator).toBeVisible() failed

    Locator: getByRole('heading', { name: /events/i })
    Expected: visible
    Error: strict mode violation: getByRole('heading', { name: /events/i }) resolved to 2 elements:
        1) <h1 class="text-3xl font-bold">Upcoming Events</h1> aka getByRole('heading', { name: 'Upcoming Events' })
        2) <h3 class="text-lg font-semibold mb-2">No events yet</h3> aka getByRole('heading', { name: 'No events yet' })

    Call log:
      - Expect "toBeVisible" with timeout 5000ms
      - waiting for getByRole('heading', { name: /events/i })


      15 |   test('events page loads', async ({ page }) => {
      16 |     await page.goto('/events')
    > 17 |     await expect(page.getByRole('heading', { name: /events/i })).toBeVisible()
         |                                                                  ^
      18 |   })
      19 |
      20 |   test('music page loads', async ({ page }) => {
        at C:\zionite\e2e\navigation.spec.ts:17:66

    Error Context: test-results\navigation-Navigation-Pages-events-page-loads-chromium\error-context.md

  9 failed
    [chromium] ΓÇ║ e2e\auth.spec.ts:9:7 ΓÇ║ Authentication ΓÇ║ shows validation error for empty fields ΓöÇΓöÇΓöÇ
    [chromium] ΓÇ║ e2e\auth.spec.ts:15:7 ΓÇ║ Authentication ΓÇ║ can toggle to registration ΓöÇΓöÇΓöÇΓöÇΓöÇΓöÇΓöÇΓöÇΓöÇΓöÇΓöÇΓöÇΓöÇΓöÇΓöÇ
    [chromium] ΓÇ║ e2e\auth.spec.ts:23:7 ΓÇ║ Navigation ΓÇ║ home page loads ΓöÇΓöÇΓöÇΓöÇΓöÇΓöÇΓöÇΓöÇΓöÇΓöÇΓöÇΓöÇΓöÇΓöÇΓöÇΓöÇΓöÇΓöÇΓöÇΓöÇΓöÇΓöÇΓöÇΓöÇΓöÇΓöÇΓöÇΓöÇΓöÇΓöÇ
    [chromium] ΓÇ║ e2e\auth.spec.ts:28:7 ΓÇ║ Navigation ΓÇ║ archive page loads ΓöÇΓöÇΓöÇΓöÇΓöÇΓöÇΓöÇΓöÇΓöÇΓöÇΓöÇΓöÇΓöÇΓöÇΓöÇΓöÇΓöÇΓöÇΓöÇΓöÇΓöÇΓöÇΓöÇΓöÇΓöÇΓöÇΓöÇ
    [chromium] ΓÇ║ e2e\music.spec.ts:4:7 ΓÇ║ Add Music Flow ΓÇ║ admin can add a track via external URL ΓöÇΓöÇΓöÇ
    [chromium] ΓÇ║ e2e\music.spec.ts:146:7 ΓÇ║ Add Music Flow ΓÇ║ user can discover and play music from home and library 
    [chromium] ΓÇ║ e2e\music.spec.ts:202:7 ΓÇ║ Add Music Flow ΓÇ║ admin can upload a track with cover image 
    [chromium] ΓÇ║ e2e\navigation.spec.ts:4:7 ΓÇ║ Navigation & Pages ΓÇ║ home page loads with hero section 
    [chromium] ΓÇ║ e2e\navigation.spec.ts:15:7 ΓÇ║ Navigation & Pages ΓÇ║ events page loads ΓöÇΓöÇΓöÇΓöÇΓöÇΓöÇΓöÇΓöÇΓöÇΓöÇΓöÇΓöÇΓöÇΓöÇ
  7 passed (54.1s)
